testfile 0 0     4096
testfile 0 40960 4096
testfile 0 36864 4096
testfile 0 32768 4096
testfile 0 28672 4096
testfile 0 24576 4096
testfile 0 20480 4096
testfile 0 16384 4096
testfile 0 12288 4096
testfile 0 8192  4096
testfile 0 4096  4096
fio version 2 iolog
testfile add
testfile open
testfile write 0 4096
testfile sync 0 0
testfile write 4096 4096
testfile sync 4096 0
testfile write 8192 4096
testfile sync 8192 0
testfile write 12288 4096
testfile sync 12288 0
testfile write 16384 4096
testfile sync 16384 0
testfile write 20480 4096
testfile sync 20480 0
testfile write 24576 4096
testfile sync 24576 0
testfile write 28672 4096
testfile sync 28672 0
testfile write 32768 4096
testfile sync 32768 0
testfile write 36864 4096
testfile sync 36864 0
testfile write 40960 4096
testfile close
